-- Create the storage bucket for avatars
insert into storage.buckets (id, name, public)
values ('avatars', 'avatars', true);

-- Enable RLS
alter table storage.objects enable row level security;

-- Policy: Anyone can view avatars
create policy "Public Access"
  on storage.objects for select
  using ( bucket_id = 'avatars' );

-- Policy: Users can upload their own avatar
create policy "User Upload"
  on storage.objects for insert
  with check (
    bucket_id = 'avatars' 
    and auth.uid() = (storage.foldername(name))[1]::uuid
  );

-- Policy: Users can update their own avatar
create policy "User Update"
  on storage.objects for update
  using (
    bucket_id = 'avatars' 
    and auth.uid() = (storage.foldername(name))[1]::uuid
  );
